ls: cannot access '/fakefolder': No such file or directory
ls: cannot access '/fakefolder': No such file or directory
